- 1) 

pwd [Enter] 
/c/Users/G


- 2) 

G@G-2 MINGW64 ~/desktop
$ cd Programming

G@G-2 MINGW64 ~/desktop/Programming
$ cd GIT

G@G-2 MINGW64 ~/desktop/Programming/GIT (master)
$

- 3)

 G@G-2 MINGW64 ~/Desktop/Programming
$ ls
'~$b development tools.docx'  'Editor programs'/   More/
'~$ther learning.docx'         ex-s/              'motivation letter.docx'
 Assignments/                  GIT/                photos/
 earthquake/                   lesson.html.txt     Programs/

- 4) 

G@G-2 MINGW64 ~/Desktop/Programming
$ cd ..

G@G-2 MINGW64 ~/Desktop

- 5) Clear or Ctrl+L [Enter]

G@G-2 MINGW64 ~/Desktop
$

- 6) git init


G@G-2 MINGW64 ~/Desktop/islamqa
$ git init
Initialized empty Git repository in C:/Users/G/Desktop/programming/GIT/.git/

G@G-2 MINGW64 ~/Desktop/Programming/GIT (master)
$


- 7) 

$ git add  commands.txt [Enter]

G@G-2 MINGW64 ~/Desktop/Programming/GIT (master)


- 8)

$ git commit -m "3-cu file" [Enter]

[master 5be81e9] 3-cu file
 1 file changed, 48 insertions(+)
 create mode 100644 commands.txt


- 10) 

$ git status   [Enter]

On branch master
Changes to be committed:
  (use "git restore --staged <file>..." to unstage)
        modified:   commands.txt

- 11)
 
$ git log [Enter]

commit 5be81e98c9e9fdf3d44520db18cb14054d3b5743 (HEAD -> master)
Author: PiKa-86 <parvizkazimov1986@gmail.com>
Date:   Mon May 11 01:53:08 2020 +0400

    3-cu file

commit 11f0104a545327096ab087af5a0abbefd6ba8cef
Author: PiKa-86 <parvizkazimov1986@gmail.com>
Date:   Sun May 10 01:59:54 2020 +0400

    ikinci projedir

commit 14a7a3ff3c1c4918079176aea4ee19a4fcc8fe2f
Author: PiKa-86 <parvizkazimov1986@gmail.com>
Date:   Sun May 10 01:53:50 2020 +0400

    ilk proje


- 12) 


$ git diff [Enter]
diff --git a/commands.txt b/commands.txt
index d35e464..3693abd 100644
--- a/commands.txt
+++ b/commands.txt
@@ -95,4 +95,4 @@ Date:   Sun May 10 01:53:50 2020 +0400
     ilk proje


-- 12) (git diff)
+- 12) (git diff) [Enter]

G@G-2 MINGW64 ~/Desktop/Programming/GIT (master)
$ git add .

G@G-2 MINGW64 ~/Desktop/Programming/GIT (master)
$ git commit -m "deyishiklikler"
[master a458a2a] deyishiklikler
 1 file changed, 50 insertions(+)
_____________________________________________


git diff --staged



- 13) 

$ git commit -m "silinen papka"
[master 9b83f2e] silinen papka
 2 files changed, 0 insertions(+), 0 deletions(-)
 create mode 100644 silinen papka/1.txt
 create mode 100644 silinen papka/2.txt

G@G-2 MINGW64 ~/desktop/programming/git (master)
$ git rm -r silinen papka/
fatal: pathspec 'silinen' did not match any files

G@G-2 MINGW64 ~/desktop/programming/git (master)
$ git rm -r silinen papka
fatal: pathspec 'silinen' did not match any files

G@G-2 MINGW64 ~/desktop/programming/git (master)
$ git status
On branch master
nothing to commit, working tree clean

G@G-2 MINGW64 ~/desktop/programming/git (master)
$ git status
On branch master
Changes not staged for commit:
  (use "git add/rm <file>..." to update what will be committed)
  (use "git restore <file>..." to discard changes in working directory)
        deleted:    silinen papka/1.txt
        deleted:    silinen papka/2.txt

G@G-2 MINGW64 ~/desktop/programming/git (master)
$ git status
On branch master
Changes to be committed:
  (use "git restore --staged <file>..." to unstage)
        deleted:    silinen/1.txt
        deleted:    silinen/2.txt

Untracked files:
  (use "git add <file>..." to include in what will be committed)
        sil/


G@G-2 MINGW64 ~/desktop/programming/git (master)
$ git add .

G@G-2 MINGW64 ~/desktop/programming/git (master)
$ git commit -m "sil"
[master ea9ae72] sil
 2 files changed, 0 insertions(+), 0 deletions(-)
 rename {silinen => sil}/1.txt (100%)
 rename {silinen => sil}/2.txt (100%)

G@G-2 MINGW64 ~/desktop/programming/git (master)
$ git rm -r sil
rm 'sil/1.txt'
rm 'sil/2.txt'

G@G-2 MINGW64 ~/desktop/programming/git (master)
$ git status
On branch master
Changes to be committed:
  (use "git restore --staged <file>..." to unstage)
        deleted:    sil/1.txt
        deleted:    sil/2.txt


G@G-2 MINGW64 ~/desktop/programming/git (master)
$
 
- 14) 

(git mv)


G@G-2 MINGW64 ~/desktop/programming/git (master)
$ git mv sinaq.txt dosya1.txt

G@G-2 MINGW64 ~/desktop/programming/git (master)
$ git status
On branch master
Changes to be committed:
  (use "git restore --staged <file>..." to unstage)
        renamed:    sinaq.txt -> dosya1.txt
G@G-2 MINGW64 ~/desktop/programming/git (master)
$ git commit -m "dosya adi deyisdirildi"
[master 1c5807e] dosya adi deyisdirildi
 1 file changed, 0 insertions(+), 0 deletions(-)
 rename sinaq.txt => dosya1.txt (100%)



G@G-2 MINGW64 ~/desktop/programming/git (master)
$ git mv dosya1.txt dosyalar/

G@G-2 MINGW64 ~/desktop/programming/git (master)
$ git status
On branch master
Changes to be committed:
  (use "git restore --staged <file>..." to unstage)
        renamed:    dosya1.txt -> dosyalar/dosya1.txt

Changes not staged for commit:
  (use "git add <file>..." to update what will be committed)
  (use "git restore <file>..." to discard changes in working directory)
        modified:   commands.txt

G@G-2 MINGW64 ~/desktop/programming/git (master)
$ git commit -m "dosya1 moved to dosyalar file"
[master 7a87596] dosya1 moved to dosyalar file
 1 file changed, 0 insertions(+), 0 deletions(-)
 rename dosya1.txt => dosyalar/dosya1.txt (100%)


- 15) 

[git restore -  Degisikligi Geri Alma (Gecis Bolgesi)-  working directory ]

G@G-2 MINGW64 ~/desktop/proje
$ git init
Initialized empty Git repository in C:/Users/G/Desktop/proje/.git/

G@G-2 MINGW64 ~/desktop/proje (master)
$ git add .

G@G-2 MINGW64 ~/desktop/proje (master)
$ git status
On branch master

No commits yet

Changes to be committed:
  (use "git rm --cached <file>..." to unstage)
        new file:   1.txt


G@G-2 MINGW64 ~/desktop/proje (master)
$ git commit -m "dosya deyishikliyi geri alma"
[master (root-commit) dbe0cb3] dosya deyishikliyi geri alma
 1 file changed, 1 insertion(+)
 create mode 100644 1.txt

G@G-2 MINGW64 ~/desktop/proje (master)
$ git status
On branch master
Changes not staged for commit:
  (use "git add <file>..." to update what will be committed)
  (use "git restore <file>..." to discard changes in working directory)
        modified:   1.txt

no changes added to commit (use "git add" and/or "git commit -a")

G@G-2 MINGW64 ~/desktop/proje (master)
$ git restore 1.txt

G@G-2 MINGW64 ~/desktop/proje (master)
$ git status
On branch master
nothing to commit, working tree clean
_______________________________________________

(silien dosyani file-i geri getirmek -- ayni ishlem)

G@G-2 MINGW64 ~/desktop/proje (master)
$ git status
On branch master
Changes not staged for commit:
  (use "git add/rm <file>..." to update what will be committed)
  (use "git restore <file>..." to discard changes in working directory)
        deleted:    1.txt

no changes added to commit (use "git add" and/or "git commit -a")

G@G-2 MINGW64 ~/desktop/proje (master)
$ git restore 1.txt

G@G-2 MINGW64 ~/desktop/proje (master)
$ git status
On branch master
nothing to commit, working tree clean


- 16)


[Degisikligi Geri Alma (Gecis Bolgesi) - staged-unstaged]


G@G-2 MINGW64 ~/desktop/deneme (master)
$ git status
On branch master
Changes not staged for commit:
  (use "git add <file>..." to update what will be committed)
  (use "git restore <file>..." to discard changes in working directory)
        modified:   1.txt

no changes added to commit (use "git add" and/or "git commit -a")

G@G-2 MINGW64 ~/desktop/deneme (master)
$ git add .

G@G-2 MINGW64 ~/desktop/deneme (master)
$ git status
On branch master
Changes to be committed:
  (use "git restore --staged <file>..." to unstage)
        modified:   1.txt

G@G-2 MINGW64 ~/desktop/deneme (master)
$ git status
On branch master
Changes to be committed:
  (use "git restore --staged <file>..." to unstage)
        modified:   1.txt


G@G-2 MINGW64 ~/desktop/deneme (master)
$ git restore --staged 1
error: pathspec '1' did not match any file(s) known to git

G@G-2 MINGW64 ~/desktop/deneme (master)
$ git restore --staged 1.txt

G@G-2 MINGW64 ~/desktop/deneme (master)
$ git status
On branch master
Changes not staged for commit:
  (use "git add <file>..." to update what will be committed)
  (use "git restore <file>..." to discard changes in working directory)
        modified:   1.txt

no changes added to commit (use "git add" and/or "git commit -a")

G@G-2 MINGW64 ~/desktop/deneme (master)
$ git restore 1.txt

G@G-2 MINGW64 ~/desktop/deneme (master)
$ git status
On branch master
nothing to commit, working tree clean
